<!doctype html public "-//w3c//dtd html 4.0 transitional//en">
<html><head>
<title>Static Call Graph - [.\Objects\aa.axf]</title></head>
<body><HR>
<H1>Static Call Graph for image .\Objects\aa.axf</H1><HR>
<BR><P>#&#060CALLGRAPH&#062# ARM Linker, 6190004: Last Updated: Fri May 26 11:24:47 2023
<BR><P>
<H3>Maximum Stack Usage =          0 bytes + Unknown(Untraceable Function Pointers)</H3><H3>
Call chain for Maximum Stack Depth:</H3>

<P>
<H3>
Function Pointers
</H3><UL>
 <LI><a href="#[1]">Button_Handler</a> from main.o(button) referenced from main.o(RESET)
 <LI><a href="#[0]">Reset_Handler</a> from main.o(somearea) referenced from main.o(RESET)
 <LI><a href="#[2]">__main</a> from main.o(somearea) referenced from main.o(somearea)
</UL>
<P>
<H3>
Global Symbols
</H3>
<P><STRONG><a name="[1]"></a>Button_Handler</STRONG> (Thumb, 1416 bytes, Stack size 0 bytes, main.o(button))
<BR>[Address Reference Count : 1]<UL><LI> main.o(RESET)
</UL>
<P><STRONG><a name="[0]"></a>Reset_Handler</STRONG> (Thumb, 12 bytes, Stack size 0 bytes, main.o(somearea))
<BR>[Address Reference Count : 1]<UL><LI> main.o(RESET)
</UL><P>
<H3>
Local Symbols
</H3>
<P><STRONG><a name="[2]"></a>__main</STRONG> (Thumb, 94 bytes, Stack size 0 bytes, main.o(somearea))
<BR>[Address Reference Count : 1]<UL><LI> main.o(somearea)
</UL><P>
<H3>
Undefined Global Symbols
</H3><HR></body></html>
