Component: Arm Compiler for Embedded 6.19 Tool: armlink [5e73cb00]

==============================================================================

Section Cross References

    main.o(RESET) refers to main.o(STACK) for __initial_sp
    main.o(RESET) refers to main.o(somearea) for Reset_Handler
    main.o(RESET) refers to main.o(button) for Button_Handler


==============================================================================

Image Symbol Table

    Local Symbols

    Symbol Name                              Value     Ov Type        Size  Object(Section)

    main.s                                   0x00000000   Number         0  main.o ABSOLUTE
    RESET                                    0x00000000   Section       68  main.o(RESET)
    button                                   0x00000044   Section     1440  main.o(button)
    somearea                                 0x000005e4   Section      144  main.o(somearea)
    __main                                   0x000005f1   Thumb Code    94  main.o(somearea)
    STACK                                    0x20000000   Section     2048  main.o(STACK)
    __initial_sp                             0x20000800   Data           0  main.o(STACK)

    Global Symbols

    Symbol Name                              Value     Ov Type        Size  Object(Section)

    BuildAttributes$$THM_ISAv3M$S$A:L22$X:L11$S22$IEEE1$~IW$USESV6$~STKCKD$USESV7$~SHL$OSPACE$EBA8$STANDARDLIB$EABIv2 0x00000000   Number         0  anon$$obj.o ABSOLUTE
    __Vectors                                0x00000000   Data           4  main.o(RESET)
    Button_Handler                           0x00000045   Thumb Code  1416  main.o(button)
    __Vectors_End                            0x00000044   Data           0  main.o(RESET)
    Reset_Handler                            0x000005e5   Thumb Code    12  main.o(somearea)



==============================================================================

Memory Map of the image

  Image Entry point : 0x000005e5

  Load Region LR_1 (Base: 0x00000000, Size: 0x00000674, Max: 0xffffffff, ABSOLUTE)

    Execution Region ER_RO (Exec base: 0x00000000, Load base: 0x00000000, Size: 0x00000674, Max: 0xffffffff, ABSOLUTE)

    Exec Addr    Load Addr    Size         Type   Attr      Idx    E Section Name        Object

    0x00000000   0x00000000   0x00000044   Data   RO            2    RESET               main.o
    0x00000044   0x00000044   0x000005a0   Code   RO            3    button              main.o
    0x000005e4   0x000005e4   0x00000090   Code   RO            4  * somearea            main.o


    Execution Region ER_RW (Exec base: 0x20000000, Load base: 0x00000674, Size: 0x00000000, Max: 0xffffffff, ABSOLUTE)

    **** No section assigned to this execution region ****


    Execution Region ER_ZI (Exec base: 0x20000000, Load base: 0x00000674, Size: 0x00000800, Max: 0xffffffff, ABSOLUTE)

    Exec Addr    Load Addr    Size         Type   Attr      Idx    E Section Name        Object

    0x20000000        -       0x00000800   Zero   RW            1    STACK               main.o


==============================================================================

Image component sizes


      Code (inc. data)   RO Data    RW Data    ZI Data      Debug   Object Name

      1584         98         68          0       2048       1372   main.o

    ----------------------------------------------------------------------
      1584         98         68          0       2048       1372   Object Totals
         0          0          0          0          0          0   (incl. Generated)
         0          0          0          0          0          0   (incl. Padding)

    ----------------------------------------------------------------------
         0          0          0          0          0          0   Library Totals
         0          0          0          0          0          0   (incl. Padding)

    ----------------------------------------------------------------------

==============================================================================


      Code (inc. data)   RO Data    RW Data    ZI Data      Debug   

      1584         98         68          0       2048       1320   Grand Totals
      1584         98         68          0       2048       1320   ELF Image Totals
      1584         98         68          0          0          0   ROM Totals

==============================================================================

    Total RO  Size (Code + RO Data)                 1652 (   1.61kB)
    Total RW  Size (RW Data + ZI Data)              2048 (   2.00kB)
    Total ROM Size (Code + RO Data + RW Data)       1652 (   1.61kB)

==============================================================================

